exports[`undefined 1`] = `
<form
  onChange={[Function]}
  onSubmit={[Function]}>
  <p>
    <label
      style={
        Object {
          "marginRight": 10,
          "textTransform": "capitalize",
        }
      }>
      Your name
      :
    </label>
    <input
      defaultValue=""
      name="name"
      type="text" />
  </p>
  <p>
    <label
      style={
        Object {
          "marginRight": 10,
          "textTransform": "capitalize",
        }
      }>
      Your lastname
      :
    </label>
    <input
      defaultValue=""
      name="lastname"
      type="text" />
  </p>
  <p>
    <label
      style={
        Object {
          "marginRight": 10,
          "textTransform": "capitalize",
        }
      }>
      Your email
      :
    </label>
    <input
      defaultValue=""
      name="email"
      type="text" />
  </p>
  <input
    type="submit"
    value="Submit" />
  <input
    type="reset"
    value="Clear" />
</form>
`;
